// Jest Snapshot v1, https://goo.gl/fbAQLP

exports[`The color switcher renders correctly 1`] = `
ShallowWrapper {
  Symbol(enzyme.__root__): [Circular],
  Symbol(enzyme.__unrendered__): <ColorSwitcher />,
  Symbol(enzyme.__renderer__): Object {
    "batchedUpdates": [Function],
    "getNode": [Function],
    "render": [Function],
    "simulateError": [Function],
    "simulateEvent": [Function],
    "unmount": [Function],
  },
  Symbol(enzyme.__node__): Object {
    "instance": null,
    "key": undefined,
    "nodeType": "host",
    "props": Object {
      "children": Array [
        <label
          className="col-sm-7 p-2"
/>,
        <div
          className="col-sm-5 pt-2"
>
          <div
                    id="showPicker"
                    onClick={[Function]}
                    style={
                              Object {
                                        "MozBorderRadius": "1px",
                                        "MozBoxShadow": "0 0 0 1px rgba(0,0,0,.1)",
                                        "OBorderRadius": "1px",
                                        "OBoxShadow": "0 0 0 1px rgba(0,0,0,.1)",
                                        "WebkitBorderRadius": "1px",
                                        "WebkitBoxShadow": "0 0 0 1px rgba(0,0,0,.1)",
                                        "background": "#fff",
                                        "borderRadius": "1px",
                                        "boxShadow": "0 0 0 1px rgba(0,0,0,.1)",
                                        "cursor": "pointer",
                                        "display": "inline-block",
                                        "msBorderRadius": "1px",
                                        "msBoxShadow": "0 0 0 1px rgba(0,0,0,.1)",
                                        "padding": "5px",
                                      }
                    }
          >
                    <div
                              style={
                                        Object {
                                                  "MozBorderRadius": "2px",
                                                  "OBorderRadius": "2px",
                                                  "WebkitBorderRadius": "2px",
                                                  "background": "undefined",
                                                  "borderRadius": "2px",
                                                  "height": "14px",
                                                  "msBorderRadius": "2px",
                                                  "width": "36px",
                                                }
                              }
                    />
          </div>
</div>,
        false,
      ],
      "className": "row",
    },
    "ref": null,
    "rendered": Array [
      Object {
        "instance": null,
        "key": undefined,
        "nodeType": "host",
        "props": Object {
          "children": undefined,
          "className": "col-sm-7 p-2",
        },
        "ref": null,
        "rendered": null,
        "type": "label",
      },
      Object {
        "instance": null,
        "key": undefined,
        "nodeType": "host",
        "props": Object {
          "children": <div
            id="showPicker"
            onClick={[Function]}
            style={
                        Object {
                                    "MozBorderRadius": "1px",
                                    "MozBoxShadow": "0 0 0 1px rgba(0,0,0,.1)",
                                    "OBorderRadius": "1px",
                                    "OBoxShadow": "0 0 0 1px rgba(0,0,0,.1)",
                                    "WebkitBorderRadius": "1px",
                                    "WebkitBoxShadow": "0 0 0 1px rgba(0,0,0,.1)",
                                    "background": "#fff",
                                    "borderRadius": "1px",
                                    "boxShadow": "0 0 0 1px rgba(0,0,0,.1)",
                                    "cursor": "pointer",
                                    "display": "inline-block",
                                    "msBorderRadius": "1px",
                                    "msBoxShadow": "0 0 0 1px rgba(0,0,0,.1)",
                                    "padding": "5px",
                                  }
            }
>
            <div
                        style={
                                    Object {
                                                "MozBorderRadius": "2px",
                                                "OBorderRadius": "2px",
                                                "WebkitBorderRadius": "2px",
                                                "background": "undefined",
                                                "borderRadius": "2px",
                                                "height": "14px",
                                                "msBorderRadius": "2px",
                                                "width": "36px",
                                              }
                        }
            />
</div>,
          "className": "col-sm-5 pt-2",
        },
        "ref": null,
        "rendered": Object {
          "instance": null,
          "key": undefined,
          "nodeType": "host",
          "props": Object {
            "children": <div
              style={
                            Object {
                                          "MozBorderRadius": "2px",
                                          "OBorderRadius": "2px",
                                          "WebkitBorderRadius": "2px",
                                          "background": "undefined",
                                          "borderRadius": "2px",
                                          "height": "14px",
                                          "msBorderRadius": "2px",
                                          "width": "36px",
                                        }
              }
/>,
            "id": "showPicker",
            "onClick": [Function],
            "style": Object {
              "MozBorderRadius": "1px",
              "MozBoxShadow": "0 0 0 1px rgba(0,0,0,.1)",
              "OBorderRadius": "1px",
              "OBoxShadow": "0 0 0 1px rgba(0,0,0,.1)",
              "WebkitBorderRadius": "1px",
              "WebkitBoxShadow": "0 0 0 1px rgba(0,0,0,.1)",
              "background": "#fff",
              "borderRadius": "1px",
              "boxShadow": "0 0 0 1px rgba(0,0,0,.1)",
              "cursor": "pointer",
              "display": "inline-block",
              "msBorderRadius": "1px",
              "msBoxShadow": "0 0 0 1px rgba(0,0,0,.1)",
              "padding": "5px",
            },
          },
          "ref": null,
          "rendered": Object {
            "instance": null,
            "key": undefined,
            "nodeType": "host",
            "props": Object {
              "style": Object {
                "MozBorderRadius": "2px",
                "OBorderRadius": "2px",
                "WebkitBorderRadius": "2px",
                "background": "undefined",
                "borderRadius": "2px",
                "height": "14px",
                "msBorderRadius": "2px",
                "width": "36px",
              },
            },
            "ref": null,
            "rendered": null,
            "type": "div",
          },
          "type": "div",
        },
        "type": "div",
      },
      false,
    ],
    "type": "div",
  },
  Symbol(enzyme.__nodes__): Array [
    Object {
      "instance": null,
      "key": undefined,
      "nodeType": "host",
      "props": Object {
        "children": Array [
          <label
            className="col-sm-7 p-2"
/>,
          <div
            className="col-sm-5 pt-2"
>
            <div
                        id="showPicker"
                        onClick={[Function]}
                        style={
                                    Object {
                                                "MozBorderRadius": "1px",
                                                "MozBoxShadow": "0 0 0 1px rgba(0,0,0,.1)",
                                                "OBorderRadius": "1px",
                                                "OBoxShadow": "0 0 0 1px rgba(0,0,0,.1)",
                                                "WebkitBorderRadius": "1px",
                                                "WebkitBoxShadow": "0 0 0 1px rgba(0,0,0,.1)",
                                                "background": "#fff",
                                                "borderRadius": "1px",
                                                "boxShadow": "0 0 0 1px rgba(0,0,0,.1)",
                                                "cursor": "pointer",
                                                "display": "inline-block",
                                                "msBorderRadius": "1px",
                                                "msBoxShadow": "0 0 0 1px rgba(0,0,0,.1)",
                                                "padding": "5px",
                                              }
                        }
            >
                        <div
                                    style={
                                                Object {
                                                            "MozBorderRadius": "2px",
                                                            "OBorderRadius": "2px",
                                                            "WebkitBorderRadius": "2px",
                                                            "background": "undefined",
                                                            "borderRadius": "2px",
                                                            "height": "14px",
                                                            "msBorderRadius": "2px",
                                                            "width": "36px",
                                                          }
                                    }
                        />
            </div>
</div>,
          false,
        ],
        "className": "row",
      },
      "ref": null,
      "rendered": Array [
        Object {
          "instance": null,
          "key": undefined,
          "nodeType": "host",
          "props": Object {
            "children": undefined,
            "className": "col-sm-7 p-2",
          },
          "ref": null,
          "rendered": null,
          "type": "label",
        },
        Object {
          "instance": null,
          "key": undefined,
          "nodeType": "host",
          "props": Object {
            "children": <div
              id="showPicker"
              onClick={[Function]}
              style={
                            Object {
                                          "MozBorderRadius": "1px",
                                          "MozBoxShadow": "0 0 0 1px rgba(0,0,0,.1)",
                                          "OBorderRadius": "1px",
                                          "OBoxShadow": "0 0 0 1px rgba(0,0,0,.1)",
                                          "WebkitBorderRadius": "1px",
                                          "WebkitBoxShadow": "0 0 0 1px rgba(0,0,0,.1)",
                                          "background": "#fff",
                                          "borderRadius": "1px",
                                          "boxShadow": "0 0 0 1px rgba(0,0,0,.1)",
                                          "cursor": "pointer",
                                          "display": "inline-block",
                                          "msBorderRadius": "1px",
                                          "msBoxShadow": "0 0 0 1px rgba(0,0,0,.1)",
                                          "padding": "5px",
                                        }
              }
>
              <div
                            style={
                                          Object {
                                                        "MozBorderRadius": "2px",
                                                        "OBorderRadius": "2px",
                                                        "WebkitBorderRadius": "2px",
                                                        "background": "undefined",
                                                        "borderRadius": "2px",
                                                        "height": "14px",
                                                        "msBorderRadius": "2px",
                                                        "width": "36px",
                                                      }
                            }
              />
</div>,
            "className": "col-sm-5 pt-2",
          },
          "ref": null,
          "rendered": Object {
            "instance": null,
            "key": undefined,
            "nodeType": "host",
            "props": Object {
              "children": <div
                style={
                                Object {
                                                "MozBorderRadius": "2px",
                                                "OBorderRadius": "2px",
                                                "WebkitBorderRadius": "2px",
                                                "background": "undefined",
                                                "borderRadius": "2px",
                                                "height": "14px",
                                                "msBorderRadius": "2px",
                                                "width": "36px",
                                              }
                }
/>,
              "id": "showPicker",
              "onClick": [Function],
              "style": Object {
                "MozBorderRadius": "1px",
                "MozBoxShadow": "0 0 0 1px rgba(0,0,0,.1)",
                "OBorderRadius": "1px",
                "OBoxShadow": "0 0 0 1px rgba(0,0,0,.1)",
                "WebkitBorderRadius": "1px",
                "WebkitBoxShadow": "0 0 0 1px rgba(0,0,0,.1)",
                "background": "#fff",
                "borderRadius": "1px",
                "boxShadow": "0 0 0 1px rgba(0,0,0,.1)",
                "cursor": "pointer",
                "display": "inline-block",
                "msBorderRadius": "1px",
                "msBoxShadow": "0 0 0 1px rgba(0,0,0,.1)",
                "padding": "5px",
              },
            },
            "ref": null,
            "rendered": Object {
              "instance": null,
              "key": undefined,
              "nodeType": "host",
              "props": Object {
                "style": Object {
                  "MozBorderRadius": "2px",
                  "OBorderRadius": "2px",
                  "WebkitBorderRadius": "2px",
                  "background": "undefined",
                  "borderRadius": "2px",
                  "height": "14px",
                  "msBorderRadius": "2px",
                  "width": "36px",
                },
              },
              "ref": null,
              "rendered": null,
              "type": "div",
            },
            "type": "div",
          },
          "type": "div",
        },
        false,
      ],
      "type": "div",
    },
  ],
  Symbol(enzyme.__options__): Object {
    "adapter": ReactSixteenAdapter {
      "options": Object {
        "enableComponentDidUpdateOnSetState": true,
        "lifecycles": Object {
          "componentDidUpdate": Object {
            "onSetState": true,
          },
          "getDerivedStateFromProps": true,
          "getSnapshotBeforeUpdate": true,
          "setState": Object {
            "skipsComponentDidUpdateOnNullish": true,
          },
        },
      },
    },
  },
}
`;
